[1/4] 读取sitemap: https://www.aitoolcrux.com/sitemap.xml
      共 770 个URL

[2/4] 并发爬取 770 个页面（10 workers）...
      进度: 50/770
      进度: 100/770
      进度: 150/770
      进度: 200/770
      进度: 250/770
      进度: 300/770
      进度: 350/770
      进度: 400/770
      进度: 450/770
      进度: 500/770
      进度: 550/770
      进度: 600/770
      进度: 650/770
      进度: 700/770
      进度: 750/770
[3/4] 检测大图（>200KB）...
      去重后图片URL: 596
      大图: 0
[4/4] 检测broken外链...
      去重后外链: 676
      broken外链: 165

生成报告...

报告已写入: C:\Users\通明街\Doubao\chats\2026-08-28\new-chat\ai-tools-review\iteration_center\seo_audit_full_20260917.md

=== 完成 ===
总页面: 770
总问题: 423
P0=0 P1=257 P2=1
